I'm sorry, but errors were detected in your script. Please correct the
errors listed below, and try again.


File "game/story/endings.rpy", line 3: Tab characters are not allowed in Ren'Py scripts.

Ren'Py Version: Ren'Py 7.1.0.882
Mon Oct 15 14:09:48 2018
